2026-08-07T05:41:40+00:00 INFO    [event=application.started] IPTV-API 版本: 3.0.0 (构建时间: 2026-08-07 11:45:59)
2026-08-07T05:41:41+00:00 INFO    [phase=prepare event=network.ipv6.checking] 🛜 正在检查当前网络是否支持IPv6...
2026-08-07T05:41:41+00:00 WARNING [phase=prepare event=network.ipv6.unsupported] 当前网络不支持IPv6，别担心，IPv6的结果会被保存下来
2026-08-07T05:41:41+00:00 INFO    [run=27e64efd5cb041348a38645d2347d271 phase=prepare event=run.started] 性能模式: auto → balance，可用资源: 4.0 CPU / 15.61 GB，并发: 测速 8、媒体探测 2、源抓取 8
2026-08-07T05:41:41+00:00 INFO    [run=27e64efd5cb041348a38645d2347d271 phase=prepare event=channels.catalog_loaded] 频道目录已加载：白名单 0，黑名单 2，台标 21
2026-08-07T05:41:41+00:00 INFO    [run=27e64efd5cb041348a38645d2347d271 phase=fetch event=sources.subscribe.summary] 订阅源数量：5，订阅白名单数量：0，停用地址数量：0，有效总数量：5
2026-08-07T05:41:41+00:00 INFO    [run=27e64efd5cb041348a38645d2347d271 phase=fetch event=progress.started] 正在进行获取订阅源  0/5
2026-08-07T05:41:42+00:00 INFO    [run=27e64efd5cb041348a38645d2347d271 phase=fetch event=progress.updated] 正在进行获取订阅源  1/5 (20%)  剩余 4
2026-08-07T05:41:42+00:00 INFO    [run=27e64efd5cb041348a38645d2347d271 phase=fetch event=progress.updated] 正在进行获取订阅源  2/5 (40%)  剩余 3
2026-08-07T05:41:42+00:00 INFO    [run=27e64efd5cb041348a38645d2347d271 phase=fetch event=progress.updated] 正在进行获取订阅源  3/5 (60%)  剩余 2
2026-08-07T05:41:42+00:00 INFO    [run=27e64efd5cb041348a38645d2347d271 phase=fetch event=progress.updated] 正在进行获取订阅源  4/5 (80%)  剩余 1
2026-08-07T05:41:43+00:00 INFO    [run=27e64efd5cb041348a38645d2347d271 phase=fetch event=progress.updated] 正在进行获取订阅源  5/5 (100%)  剩余 0
2026-08-07T05:41:43+00:00 INFO    [run=27e64efd5cb041348a38645d2347d271 phase=fetch event=sources.subscribe.finished] 订阅源: ✅ 有效地址数量：5，⛔ 停用地址数量：0
2026-08-07T05:41:43+00:00 INFO    [run=27e64efd5cb041348a38645d2347d271 phase=fetch event=sources.subscribe.epg_discovered] 📡 从订阅源中发现 1 个 EPG 地址
2026-08-07T05:41:43+00:00 INFO    [run=27e64efd5cb041348a38645d2347d271 phase=fetch event=progress.finished] 正在进行获取订阅源  5/5  未匹配 10000
2026-08-07T05:41:43+00:00 INFO    [run=27e64efd5cb041348a38645d2347d271 phase=fetch event=sources.epg.summary] EPG源数量：0，EPG白名单数量：0，停用地址数量：1，有效总数量：0
2026-08-07T05:41:43+00:00 INFO    [run=27e64efd5cb041348a38645d2347d271 phase=fetch event=progress.started] 正在进行获取EPG源  0/1
2026-08-07T05:41:46+00:00 INFO    [run=27e64efd5cb041348a38645d2347d271 phase=fetch event=progress.updated] 正在进行获取EPG源  1/1 (100%)  剩余 0
2026-08-07T05:41:46+00:00 INFO    [run=27e64efd5cb041348a38645d2347d271 phase=fetch event=sources.epg.finished] EPG源: ✅ 有效地址数量：0，⛔ 停用地址数量：0
2026-08-07T05:41:46+00:00 INFO    [run=27e64efd5cb041348a38645d2347d271 phase=fetch event=progress.finished] 正在进行获取EPG源  1/1  匹配 75 个频道
2026-08-07T05:43:15+00:00 INFO    [run=27e64efd5cb041348a38645d2347d271 phase=aggregate event=channels.aggregated] 频道数据聚合完成：1411 个频道，3674 个接口（IPv4 3661 / IPv6 13）
2026-08-07T05:43:15+00:00 INFO    [run=27e64efd5cb041348a38645d2347d271 phase=speed_test event=speed_test.planned] 总接口数量: 3185, 需要进行测速的接口数量: 3172
2026-08-07T05:43:15+00:00 INFO    [run=27e64efd5cb041348a38645d2347d271 phase=speed_test event=progress.started] 测速  0/3172
2026-08-07T05:43:16+00:00 INFO    [run=27e64efd5cb041348a38645d2347d271 phase=speed_test event=progress.updated] 测速  1/3172 (0%)  有效 0  失败 1  CCTV-1
2026-08-07T05:43:46+00:00 INFO    [run=27e64efd5cb041348a38645d2347d271 phase=speed_test event=progress.updated] 测速  48/3172 (1%)  有效 19  失败 29  CCTV-2
2026-08-07T05:44:16+00:00 INFO    [run=27e64efd5cb041348a38645d2347d271 phase=speed_test event=progress.updated] 测速  94/3172 (2%)  有效 38  失败 56  CCTV-5+
2026-08-07T05:44:48+00:00 INFO    [run=27e64efd5cb041348a38645d2347d271 phase=speed_test event=progress.updated] 测速  143/3172 (4%)  有效 48  失败 95  CCTV-6
2026-08-07T05:45:19+00:00 INFO    [run=27e64efd5cb041348a38645d2347d271 phase=speed_test event=progress.updated] 测速  200/3172 (6%)  有效 69  失败 131  CCTV-10
2026-08-07T05:45:50+00:00 INFO    [run=27e64efd5cb041348a38645d2347d271 phase=speed_test event=progress.updated] 测速  256/3172 (8%)  有效 88  失败 168  CCTV-13
2026-08-07T05:46:20+00:00 INFO    [run=27e64efd5cb041348a38645d2347d271 phase=speed_test event=progress.updated] 测速  314/3172 (9%)  有效 108  失败 206  CCTV-16
2026-08-07T05:46:51+00:00 INFO    [run=27e64efd5cb041348a38645d2347d271 phase=speed_test event=progress.updated] 测速  363/3172 (11%)  有效 123  失败 240  CETV-2
2026-08-07T05:47:23+00:00 INFO    [run=27e64efd5cb041348a38645d2347d271 phase=speed_test event=progress.updated] 测速  444/3172 (13%)  有效 153  失败 291  风云音乐
2026-08-07T05:47:53+00:00 INFO    [run=27e64efd5cb041348a38645d2347d271 phase=speed_test event=progress.updated] 测速  512/3172 (16%)  有效 180  失败 332  浙江卫视
2026-08-07T05:48:23+00:00 INFO    [run=27e64efd5cb041348a38645d2347d271 phase=speed_test event=progress.updated] 测速  568/3172 (17%)  有效 208  失败 360  安徽卫视
2026-08-07T05:48:54+00:00 INFO    [run=27e64efd5cb041348a38645d2347d271 phase=speed_test event=progress.updated] 测速  612/3172 (19%)  有效 216  失败 396  东方卫视
2026-08-07T05:49:26+00:00 INFO    [run=27e64efd5cb041348a38645d2347d271 phase=speed_test event=progress.updated] 测速  659/3172 (20%)  有效 228  失败 431  甘肃卫视
2026-08-07T05:49:59+00:00 INFO    [run=27e64efd5cb041348a38645d2347d271 phase=speed_test event=progress.updated] 测速  700/3172 (22%)  有效 236  失败 464  贵州卫视
2026-08-07T05:50:29+00:00 INFO    [run=27e64efd5cb041348a38645d2347d271 phase=speed_test event=progress.updated] 测速  747/3172 (23%)  有效 240  失败 507  河北卫视
2026-08-07T05:50:59+00:00 INFO    [run=27e64efd5cb041348a38645d2347d271 phase=speed_test event=progress.updated] 测速  809/3172 (25%)  有效 264  失败 545  江西卫视
2026-08-07T05:51:30+00:00 INFO    [run=27e64efd5cb041348a38645d2347d271 phase=speed_test event=progress.updated] 测速  869/3172 (27%)  有效 290  失败 579  青海卫视
2026-08-07T05:52:03+00:00 INFO    [run=27e64efd5cb041348a38645d2347d271 phase=speed_test event=progress.updated] 测速  925/3172 (29%)  有效 313  失败 612  陕西卫视
2026-08-07T05:52:34+00:00 INFO    [run=27e64efd5cb041348a38645d2347d271 phase=speed_test event=progress.updated] 测速  975/3172 (30%)  有效 332  失败 643  天津卫视
2026-08-07T05:53:05+00:00 INFO    [run=27e64efd5cb041348a38645d2347d271 phase=speed_test event=progress.updated] 测速  1030/3172 (32%)  有效 355  失败 675  广东民生
2026-08-07T05:53:35+00:00 INFO    [run=27e64efd5cb041348a38645d2347d271 phase=speed_test event=progress.updated] 测速  1080/3172 (34%)  有效 365  失败 715  杭州导视
2026-08-07T05:54:06+00:00 INFO    [run=27e64efd5cb041348a38645d2347d271 phase=speed_test event=progress.updated] 测速  1127/3172 (35%)  有效 377  失败 750  绍兴文化影院
2026-08-07T05:54:36+00:00 INFO    [run=27e64efd5cb041348a38645d2347d271 phase=speed_test event=progress.updated] 测速  1200/3172 (37%)  有效 383  失败 817  都市剧场
2026-08-07T05:55:06+00:00 INFO    [run=27e64efd5cb041348a38645d2347d271 phase=speed_test event=progress.updated] 测速  1253/3172 (39%)  有效 384  失败 869  江苏影视
2026-08-07T05:55:37+00:00 INFO    [run=27e64efd5cb041348a38645d2347d271 phase=speed_test event=progress.updated] 测速  1294/3172 (40%)  有效 394  失败 900  辽宁都市
2026-08-07T05:56:08+00:00 INFO    [run=27e64efd5cb041348a38645d2347d271 phase=speed_test event=progress.updated] 测速  1327/3172 (41%)  有效 395  失败 932  武汉文体
2026-08-07T05:56:38+00:00 INFO    [run=27e64efd5cb041348a38645d2347d271 phase=speed_test event=progress.updated] 测速  1366/3172 (43%)  有效 408  失败 958  仁寿综合
2026-08-07T05:57:08+00:00 INFO    [run=27e64efd5cb041348a38645d2347d271 phase=speed_test event=progress.updated] 测速  1423/3172 (44%)  有效 419  失败 1004  龙岩综合
2026-08-07T05:57:40+00:00 INFO    [run=27e64efd5cb041348a38645d2347d271 phase=speed_test event=progress.updated] 测速  1458/3172 (45%)  有效 424  失败 1034  白银综合
2026-08-07T05:58:10+00:00 INFO    [run=27e64efd5cb041348a38645d2347d271 phase=speed_test event=progress.updated] 测速  1489/3172 (46%)  有效 426  失败 1063  临沂公共
2026-08-07T05:58:40+00:00 INFO    [run=27e64efd5cb041348a38645d2347d271 phase=speed_test event=progress.updated] 测速  1529/3172 (48%)  有效 430  失败 1099  固镇新闻
2026-08-07T05:59:12+00:00 INFO    [run=27e64efd5cb041348a38645d2347d271 phase=speed_test event=progress.updated] 测速  1577/3172 (49%)  有效 435  失败 1142  黑龙江少儿
2026-08-07T05:59:42+00:00 INFO    [run=27e64efd5cb041348a38645d2347d271 phase=speed_test event=progress.updated] 测速  1619/3172 (51%)  有效 437  失败 1182  凤凰资讯
2026-08-07T06:00:12+00:00 INFO    [run=27e64efd5cb041348a38645d2347d271 phase=speed_test event=progress.updated] 测速  1727/3172 (54%)  有效 448  失败 1279  星空卫视
2026-08-07T06:00:44+00:00 INFO    [run=27e64efd5cb041348a38645d2347d271 phase=speed_test event=progress.updated] 测速  1779/3172 (56%)  有效 449  失败 1330  西游记
2026-08-07T06:00:56+00:00 INFO    [run=27e64efd5cb041348a38645d2347d271 phase=speed_test event=speed_test.artifacts_written] 测速明细已写入 output/log/speed_test.log，有效结果已写入 output/log/result.log
2026-08-07T06:00:56+00:00 INFO    [run=27e64efd5cb041348a38645d2347d271 phase=speed_test event=progress.finished] 测速  3172/3172  有效 453  失败 1344
2026-08-07T06:00:56+00:00 INFO    [run=27e64efd5cb041348a38645d2347d271 phase=output event=output.written] 结果文件生成完成：更新 3 个文件
2026-08-07T06:00:56+00:00 INFO    [run=27e64efd5cb041348a38645d2347d271 phase=statistics event=statistics.finished] 频道统计完成：测试 1797，有效 453
2026-08-07T06:00:57+00:00 INFO    [run=27e64efd5cb041348a38645d2347d271 phase=complete event=run.summary] 更新摘要
2026-08-07T06:00:57+00:00 INFO    [run=27e64efd5cb041348a38645d2347d271 phase=complete event=run.finished] 更新完成！总耗时：19:15
2026-08-10T03:54:07+00:00 INFO    [event=application.started] IPTV-API 版本: 3.0.0 (构建时间: 2026-08-07 11:45:59)
2026-08-10T03:54:07+00:00 INFO    [phase=prepare event=network.ipv6.checking] 🛜 正在检查当前网络是否支持IPv6...
2026-08-10T03:54:07+00:00 WARNING [phase=prepare event=network.ipv6.unsupported] 当前网络不支持IPv6，别担心，IPv6的结果会被保存下来
2026-08-10T03:54:07+00:00 INFO    [run=713cef95feba4bd2b6098dd66a46bdb5 phase=prepare event=run.started] 性能模式: auto → balance，可用资源: 4.0 CPU / 15.61 GB，并发: 测速 8、媒体探测 2、源抓取 8
2026-08-10T03:54:07+00:00 INFO    [run=713cef95feba4bd2b6098dd66a46bdb5 phase=prepare event=channels.catalog_loaded] 频道目录已加载：白名单 0，黑名单 2，台标 21
2026-08-10T03:54:07+00:00 INFO    [run=713cef95feba4bd2b6098dd66a46bdb5 phase=fetch event=sources.subscribe.summary] 订阅源数量：5，订阅白名单数量：0，停用地址数量：0，有效总数量：5
2026-08-10T03:54:07+00:00 INFO    [run=713cef95feba4bd2b6098dd66a46bdb5 phase=fetch event=progress.started] 正在进行获取订阅源  0/5
2026-08-10T03:54:07+00:00 INFO    [run=713cef95feba4bd2b6098dd66a46bdb5 phase=fetch event=sources.epg.summary] EPG源数量：0，EPG白名单数量：0，停用地址数量：1，有效总数量：0
2026-08-10T03:54:08+00:00 INFO    [run=713cef95feba4bd2b6098dd66a46bdb5 phase=fetch event=progress.updated] 正在进行获取订阅源  1/5 (20%)  剩余 4
2026-08-10T03:54:08+00:00 INFO    [run=713cef95feba4bd2b6098dd66a46bdb5 phase=fetch event=progress.updated] 正在进行获取订阅源  2/5 (40%)  剩余 3
2026-08-10T03:54:08+00:00 INFO    [run=713cef95feba4bd2b6098dd66a46bdb5 phase=fetch event=progress.updated] 正在进行获取订阅源  3/5 (60%)  剩余 2
2026-08-10T03:54:09+00:00 INFO    [run=713cef95feba4bd2b6098dd66a46bdb5 phase=fetch event=progress.updated] 正在进行获取订阅源  4/5 (80%)  剩余 1
2026-08-10T03:54:09+00:00 INFO    [run=713cef95feba4bd2b6098dd66a46bdb5 phase=fetch event=progress.updated] 正在进行获取订阅源  5/5 (100%)  剩余 0
2026-08-10T03:54:09+00:00 INFO    [run=713cef95feba4bd2b6098dd66a46bdb5 phase=fetch event=sources.subscribe.finished] 订阅源: ✅ 有效地址数量：5，⛔ 停用地址数量：0
2026-08-10T03:54:09+00:00 INFO    [run=713cef95feba4bd2b6098dd66a46bdb5 phase=fetch event=progress.finished] 正在进行获取订阅源  5/5  未匹配 10000
2026-08-10T03:56:06+00:00 INFO    [run=713cef95feba4bd2b6098dd66a46bdb5 phase=aggregate event=channels.aggregated] 频道数据聚合完成：1411 个频道，3927 个接口（IPv4 3695 / IPv6 232）
2026-08-10T03:56:06+00:00 INFO    [run=713cef95feba4bd2b6098dd66a46bdb5 phase=speed_test event=speed_test.planned] 总接口数量: 3483, 需要进行测速的接口数量: 3252
2026-08-10T03:56:06+00:00 INFO    [run=713cef95feba4bd2b6098dd66a46bdb5 phase=speed_test event=progress.started] 测速  0/3252
2026-08-10T03:56:07+00:00 INFO    [run=713cef95feba4bd2b6098dd66a46bdb5 phase=speed_test event=progress.updated] 测速  1/3252 (0%)  有效 0  失败 1  CCTV-1
2026-08-10T03:56:37+00:00 INFO    [run=713cef95feba4bd2b6098dd66a46bdb5 phase=speed_test event=progress.updated] 测速  67/3252 (2%)  有效 22  失败 45  CCTV-4
2026-08-10T03:57:08+00:00 INFO    [run=713cef95feba4bd2b6098dd66a46bdb5 phase=speed_test event=progress.updated] 测速  136/3252 (4%)  有效 36  失败 100  CCTV-5+
2026-08-10T03:57:39+00:00 INFO    [run=713cef95feba4bd2b6098dd66a46bdb5 phase=speed_test event=progress.updated] 测速  207/3252 (6%)  有效 60  失败 147  CCTV-11
2026-08-10T03:58:09+00:00 INFO    [run=713cef95feba4bd2b6098dd66a46bdb5 phase=speed_test event=progress.updated] 测速  270/3252 (8%)  有效 71  失败 199  CCTV-13
2026-08-10T03:58:40+00:00 INFO    [run=713cef95feba4bd2b6098dd66a46bdb5 phase=speed_test event=progress.updated] 测速  335/3252 (10%)  有效 91  失败 244  CCTV-16
2026-08-10T03:59:10+00:00 INFO    [run=713cef95feba4bd2b6098dd66a46bdb5 phase=speed_test event=progress.updated] 测速  402/3252 (12%)  有效 98  失败 304  CETV-2
2026-08-10T03:59:41+00:00 INFO    [run=713cef95feba4bd2b6098dd66a46bdb5 phase=speed_test event=progress.updated] 测速  483/3252 (14%)  有效 118  失败 365  风云剧场
2026-08-10T04:00:11+00:00 INFO    [run=713cef95feba4bd2b6098dd66a46bdb5 phase=speed_test event=progress.updated] 测速  561/3252 (17%)  有效 144  失败 417  香港卫视
2026-08-10T04:00:41+00:00 INFO    [run=713cef95feba4bd2b6098dd66a46bdb5 phase=speed_test event=progress.updated] 测速  635/3252 (19%)  有效 168  失败 467  黑龙江卫视
2026-08-10T04:01:12+00:00 INFO    [run=713cef95feba4bd2b6098dd66a46bdb5 phase=speed_test event=progress.updated] 测速  714/3252 (21%)  有效 191  失败 523  甘肃卫视
2026-08-10T04:01:42+00:00 INFO    [run=713cef95feba4bd2b6098dd66a46bdb5 phase=speed_test event=progress.updated] 测速  779/3252 (23%)  有效 202  失败 577  海南卫视
2026-08-10T04:02:13+00:00 INFO    [run=713cef95feba4bd2b6098dd66a46bdb5 phase=speed_test event=progress.updated] 测速  836/3252 (25%)  有效 210  失败 626  河南卫视
2026-08-10T04:02:43+00:00 INFO    [run=713cef95feba4bd2b6098dd66a46bdb5 phase=speed_test event=progress.updated] 测速  899/3252 (27%)  有效 219  失败 680  江苏卫视
2026-08-10T04:03:13+00:00 INFO    [run=713cef95feba4bd2b6098dd66a46bdb5 phase=speed_test event=progress.updated] 测速  972/3252 (29%)  有效 247  失败 725  青海卫视
2026-08-10T04:03:44+00:00 INFO    [run=713cef95feba4bd2b6098dd66a46bdb5 phase=speed_test event=progress.updated] 测速  1055/3252 (32%)  有效 287  失败 768  西藏卫视
2026-08-10T04:04:14+00:00 INFO    [run=713cef95feba4bd2b6098dd66a46bdb5 phase=speed_test event=progress.updated] 测速  1120/3252 (34%)  有效 296  失败 824  云南卫视
2026-08-10T04:04:44+00:00 INFO    [run=713cef95feba4bd2b6098dd66a46bdb5 phase=speed_test event=progress.updated] 测速  1175/3252 (36%)  有效 305  失败 870  浙江民生
2026-08-10T04:05:15+00:00 INFO    [run=713cef95feba4bd2b6098dd66a46bdb5 phase=speed_test event=progress.updated] 测速  1244/3252 (38%)  有效 314  失败 930  缙云新闻综合
2026-08-10T04:05:46+00:00 INFO    [run=713cef95feba4bd2b6098dd66a46bdb5 phase=speed_test event=progress.updated] 测速  1315/3252 (40%)  有效 322  失败 993  生活时尚
2026-08-10T04:06:16+00:00 INFO    [run=713cef95feba4bd2b6098dd66a46bdb5 phase=speed_test event=progress.updated] 测速  1386/3252 (42%)  有效 324  失败 1062  武进生活
2026-08-10T04:06:46+00:00 INFO    [run=713cef95feba4bd2b6098dd66a46bdb5 phase=speed_test event=progress.updated] 测速  1443/3252 (44%)  有效 328  失败 1115  湖南爱晚
2026-08-10T04:07:17+00:00 INFO    [run=713cef95feba4bd2b6098dd66a46bdb5 phase=speed_test event=progress.updated] 测速  1487/3252 (45%)  有效 332  失败 1155  广西新闻
2026-08-10T04:07:47+00:00 INFO    [run=713cef95feba4bd2b6098dd66a46bdb5 phase=speed_test event=progress.updated] 测速  1527/3252 (46%)  有效 338  失败 1189  仁寿综合
2026-08-10T04:08:17+00:00 INFO    [run=713cef95feba4bd2b6098dd66a46bdb5 phase=speed_test event=progress.updated] 测速  1600/3252 (49%)  有效 348  失败 1252  河南都市
2026-08-10T04:08:48+00:00 INFO    [run=713cef95feba4bd2b6098dd66a46bdb5 phase=speed_test event=progress.updated] 测速  1634/3252 (50%)  有效 353  失败 1281  山东少儿
2026-08-10T04:09:19+00:00 INFO    [run=713cef95feba4bd2b6098dd66a46bdb5 phase=speed_test event=progress.updated] 测速  1676/3252 (51%)  有效 355  失败 1321  平遥新闻综合
2026-08-10T04:09:49+00:00 INFO    [run=713cef95feba4bd2b6098dd66a46bdb5 phase=speed_test event=progress.updated] 测速  1729/3252 (53%)  有效 359  失败 1370  内蒙古少儿
2026-08-10T04:10:19+00:00 INFO    [run=713cef95feba4bd2b6098dd66a46bdb5 phase=speed_test event=progress.updated] 测速  1785/3252 (54%)  有效 362  失败 1423  凤凰资讯
2026-08-10T04:10:49+00:00 INFO    [run=713cef95feba4bd2b6098dd66a46bdb5 phase=speed_test event=progress.updated] 测速  1927/3252 (59%)  有效 373  失败 1554  JJ斗地主
2026-08-10T04:11:19+00:00 INFO    [run=713cef95feba4bd2b6098dd66a46bdb5 phase=speed_test event=progress.updated] 测速  1983/3252 (60%)  有效 374  失败 1609  西游记
2026-08-10T04:11:25+00:00 INFO    [run=713cef95feba4bd2b6098dd66a46bdb5 phase=speed_test event=speed_test.artifacts_written] 测速明细已写入 output/log/speed_test.log，有效结果已写入 output/log/result.log
2026-08-10T04:11:25+00:00 INFO    [run=713cef95feba4bd2b6098dd66a46bdb5 phase=speed_test event=progress.finished] 测速  3252/3252  有效 378  失败 1620
2026-08-10T04:11:25+00:00 INFO    [run=713cef95feba4bd2b6098dd66a46bdb5 phase=output event=output.written] 结果文件生成完成：更新 3 个文件
2026-08-10T04:11:26+00:00 INFO    [run=713cef95feba4bd2b6098dd66a46bdb5 phase=statistics event=statistics.finished] 频道统计完成：测试 1998，有效 378
2026-08-10T04:11:26+00:00 INFO    [run=713cef95feba4bd2b6098dd66a46bdb5 phase=complete event=run.summary] 更新摘要
2026-08-10T04:11:26+00:00 INFO    [run=713cef95feba4bd2b6098dd66a46bdb5 phase=complete event=run.finished] 更新完成！总耗时：17:18
2026-08-25T08:39:57+00:00 INFO    [event=application.started] IPTV-API 版本: 3.0.0 (构建时间: 2026-08-07 11:45:59)
2026-08-25T08:39:57+00:00 INFO    [phase=prepare event=network.ipv6.checking] 🛜 正在检查当前网络是否支持IPv6...
2026-08-25T08:39:58+00:00 WARNING [phase=prepare event=network.ipv6.unsupported] 当前网络不支持IPv6，别担心，IPv6的结果会被保存下来
2026-08-25T08:39:58+00:00 INFO    [run=2d71f599da994f29a9b5d429ecc1e9e0 phase=prepare event=run.started] 性能模式: auto → balance，可用资源: 4.0 CPU / 15.61 GB，并发: 测速 8、媒体探测 2、源抓取 8
2026-08-25T08:39:58+00:00 INFO    [run=2d71f599da994f29a9b5d429ecc1e9e0 phase=prepare event=channels.catalog_loaded] 频道目录已加载：白名单 0，黑名单 2，台标 21
2026-08-25T08:39:58+00:00 INFO    [run=2d71f599da994f29a9b5d429ecc1e9e0 phase=fetch event=sources.subscribe.summary] 订阅源数量：5，订阅白名单数量：0，停用地址数量：0，有效总数量：5
2026-08-25T08:39:58+00:00 INFO    [run=2d71f599da994f29a9b5d429ecc1e9e0 phase=fetch event=progress.started] 正在进行获取订阅源  0/5
2026-08-25T08:39:58+00:00 INFO    [run=2d71f599da994f29a9b5d429ecc1e9e0 phase=fetch event=sources.epg.summary] EPG源数量：0，EPG白名单数量：0，停用地址数量：1，有效总数量：0
2026-08-25T08:39:59+00:00 INFO    [run=2d71f599da994f29a9b5d429ecc1e9e0 phase=fetch event=progress.updated] 正在进行获取订阅源  1/5 (20%)  剩余 4
2026-08-25T08:39:59+00:00 INFO    [run=2d71f599da994f29a9b5d429ecc1e9e0 phase=fetch event=progress.updated] 正在进行获取订阅源  2/5 (40%)  剩余 3
2026-08-25T08:39:59+00:00 INFO    [run=2d71f599da994f29a9b5d429ecc1e9e0 phase=fetch event=progress.updated] 正在进行获取订阅源  3/5 (60%)  剩余 2
2026-08-25T08:39:59+00:00 INFO    [run=2d71f599da994f29a9b5d429ecc1e9e0 phase=fetch event=progress.updated] 正在进行获取订阅源  4/5 (80%)  剩余 1
2026-08-25T08:40:00+00:00 INFO    [run=2d71f599da994f29a9b5d429ecc1e9e0 phase=fetch event=progress.updated] 正在进行获取订阅源  5/5 (100%)  剩余 0
2026-08-25T08:40:00+00:00 INFO    [run=2d71f599da994f29a9b5d429ecc1e9e0 phase=fetch event=sources.subscribe.finished] 订阅源: ✅ 有效地址数量：5，⛔ 停用地址数量：0
2026-08-25T08:40:00+00:00 INFO    [run=2d71f599da994f29a9b5d429ecc1e9e0 phase=fetch event=progress.finished] 正在进行获取订阅源  5/5  未匹配 10000
2026-08-25T08:41:56+00:00 INFO    [run=2d71f599da994f29a9b5d429ecc1e9e0 phase=aggregate event=channels.aggregated] 频道数据聚合完成：1411 个频道，3333 个接口（IPv4 3303 / IPv6 30）
2026-08-25T08:41:56+00:00 INFO    [run=2d71f599da994f29a9b5d429ecc1e9e0 phase=speed_test event=speed_test.planned] 总接口数量: 2942, 需要进行测速的接口数量: 2913
2026-08-25T08:41:56+00:00 INFO    [run=2d71f599da994f29a9b5d429ecc1e9e0 phase=speed_test event=progress.started] 测速  0/2913
2026-08-25T08:41:56+00:00 INFO    [run=2d71f599da994f29a9b5d429ecc1e9e0 phase=speed_test event=progress.updated] 测速  1/2913 (0%)  有效 0  失败 1  CCTV-1
2026-08-25T08:42:26+00:00 INFO    [run=2d71f599da994f29a9b5d429ecc1e9e0 phase=speed_test event=progress.updated] 测速  93/2913 (3%)  有效 45  失败 48  CCTV-5+
2026-08-25T08:42:56+00:00 INFO    [run=2d71f599da994f29a9b5d429ecc1e9e0 phase=speed_test event=progress.updated] 测速  224/2913 (7%)  有效 120  失败 104  CETV-1
2026-08-25T08:43:27+00:00 INFO    [run=2d71f599da994f29a9b5d429ecc1e9e0 phase=speed_test event=progress.updated] 测速  281/2913 (9%)  有效 122  失败 159  CETV-2
2026-08-25T08:43:58+00:00 INFO    [run=2d71f599da994f29a9b5d429ecc1e9e0 phase=speed_test event=progress.updated] 测速  369/2913 (12%)  有效 149  失败 220  怀旧剧场
2026-08-25T08:44:28+00:00 INFO    [run=2d71f599da994f29a9b5d429ecc1e9e0 phase=speed_test event=progress.updated] 测速  445/2913 (15%)  有效 174  失败 271  浙江卫视
2026-08-25T08:44:58+00:00 INFO    [run=2d71f599da994f29a9b5d429ecc1e9e0 phase=speed_test event=progress.updated] 测速  520/2913 (17%)  有效 197  失败 323  黑龙江卫视
2026-08-25T08:45:29+00:00 INFO    [run=2d71f599da994f29a9b5d429ecc1e9e0 phase=speed_test event=progress.updated] 测速  587/2913 (20%)  有效 215  失败 372  东南卫视
2026-08-25T08:46:00+00:00 INFO    [run=2d71f599da994f29a9b5d429ecc1e9e0 phase=speed_test event=progress.updated] 测速  640/2913 (21%)  有效 221  失败 419  广西卫视
2026-08-25T08:46:30+00:00 INFO    [run=2d71f599da994f29a9b5d429ecc1e9e0 phase=speed_test event=progress.updated] 测速  705/2913 (24%)  有效 233  失败 472  河北卫视
2026-08-25T08:47:01+00:00 INFO    [run=2d71f599da994f29a9b5d429ecc1e9e0 phase=speed_test event=progress.updated] 测速  771/2913 (26%)  有效 248  失败 523  江西卫视
2026-08-25T08:47:31+00:00 INFO    [run=2d71f599da994f29a9b5d429ecc1e9e0 phase=speed_test event=progress.updated] 测速  853/2913 (29%)  有效 287  失败 566  青海卫视
2026-08-25T08:48:03+00:00 INFO    [run=2d71f599da994f29a9b5d429ecc1e9e0 phase=speed_test event=progress.updated] 测速  924/2913 (31%)  有效 310  失败 614  天津卫视
2026-08-25T08:48:33+00:00 INFO    [run=2d71f599da994f29a9b5d429ecc1e9e0 phase=speed_test event=progress.updated] 测速  994/2913 (34%)  有效 324  失败 670  云南卫视
2026-08-25T08:49:03+00:00 INFO    [run=2d71f599da994f29a9b5d429ecc1e9e0 phase=speed_test event=progress.updated] 测速  1044/2913 (35%)  有效 339  失败 705  浙江钱江
2026-08-25T08:49:34+00:00 INFO    [run=2d71f599da994f29a9b5d429ecc1e9e0 phase=speed_test event=progress.updated] 测速  1103/2913 (37%)  有效 344  失败 759  浙江教科影视
2026-08-25T08:50:04+00:00 INFO    [run=2d71f599da994f29a9b5d429ecc1e9e0 phase=speed_test event=progress.updated] 测速  1163/2913 (39%)  有效 355  失败 808  动漫秀场
2026-08-25T08:50:34+00:00 INFO    [run=2d71f599da994f29a9b5d429ecc1e9e0 phase=speed_test event=progress.updated] 测速  1234/2913 (42%)  有效 363  失败 871  优漫卡通
2026-08-25T08:51:04+00:00 INFO    [run=2d71f599da994f29a9b5d429ecc1e9e0 phase=speed_test event=progress.updated] 测速  1300/2913 (44%)  有效 367  失败 933  辽宁北方
2026-08-25T08:51:35+00:00 INFO    [run=2d71f599da994f29a9b5d429ecc1e9e0 phase=speed_test event=progress.updated] 测速  1345/2913 (46%)  有效 367  失败 978  南宁新闻综合
2026-08-25T08:52:05+00:00 INFO    [run=2d71f599da994f29a9b5d429ecc1e9e0 phase=speed_test event=progress.updated] 测速  1389/2913 (47%)  有效 379  失败 1010  昭化综合
2026-08-25T08:52:36+00:00 INFO    [run=2d71f599da994f29a9b5d429ecc1e9e0 phase=speed_test event=progress.updated] 测速  1462/2913 (50%)  有效 391  失败 1071  梨园
2026-08-25T08:53:07+00:00 INFO    [run=2d71f599da994f29a9b5d429ecc1e9e0 phase=speed_test event=progress.updated] 测速  1501/2913 (51%)  有效 395  失败 1106  山东农科
2026-08-25T08:53:37+00:00 INFO    [run=2d71f599da994f29a9b5d429ecc1e9e0 phase=speed_test event=progress.updated] 测速  1543/2913 (52%)  有效 398  失败 1145  安徽影视
2026-08-25T08:54:07+00:00 INFO    [run=2d71f599da994f29a9b5d429ecc1e9e0 phase=speed_test event=progress.updated] 测速  1595/2913 (54%)  有效 404  失败 1191  门源综合
2026-08-25T08:54:37+00:00 INFO    [run=2d71f599da994f29a9b5d429ecc1e9e0 phase=speed_test event=progress.updated] 测速  1668/2913 (57%)  有效 407  失败 1261  三立新闻
2026-08-25T08:55:08+00:00 INFO    [run=2d71f599da994f29a9b5d429ecc1e9e0 phase=speed_test event=progress.updated] 测速  1794/2913 (61%)  有效 430  失败 1364  快乐垂钓
2026-08-25T08:55:39+00:00 INFO    [run=2d71f599da994f29a9b5d429ecc1e9e0 phase=speed_test event=progress.updated] 测速  1839/2913 (63%)  有效 430  失败 1409  火影忍者
2026-08-25T08:55:47+00:00 INFO    [run=2d71f599da994f29a9b5d429ecc1e9e0 phase=speed_test event=speed_test.artifacts_written] 测速明细已写入 output/log/speed_test.log，有效结果已写入 output/log/result.log
2026-08-25T08:55:47+00:00 INFO    [run=2d71f599da994f29a9b5d429ecc1e9e0 phase=speed_test event=progress.finished] 测速  2913/2913  有效 436  失败 1425
2026-08-25T08:55:47+00:00 INFO    [run=2d71f599da994f29a9b5d429ecc1e9e0 phase=output event=output.written] 结果文件生成完成：更新 3 个文件
2026-08-25T08:55:47+00:00 INFO    [run=2d71f599da994f29a9b5d429ecc1e9e0 phase=statistics event=statistics.finished] 频道统计完成：测试 1861，有效 436
2026-08-25T08:55:47+00:00 INFO    [run=2d71f599da994f29a9b5d429ecc1e9e0 phase=complete event=run.summary] 更新摘要
2026-08-25T08:55:47+00:00 INFO    [run=2d71f599da994f29a9b5d429ecc1e9e0 phase=complete event=run.finished] 更新完成！总耗时：15:49
